(.venv) yjx@yjx:~/mujoco_ws/project1$ python3 main_mujoco.py 
mujoco gravity: [ 0.    0.   -9.81]
mujoco body mass: 1.2
initial mujoco position: [0. 0. 2.]

******************************************************************************
This program contains Ipopt, a library for large-scale nonlinear optimization.
 Ipopt is released as open source code under the Eclipse Public License (EPL).
         For more information visit https://github.com/coin-or/Ipopt
******************************************************************************

initial thrust = [3.02976817 2.87835395 3.48048964 3.44307173]

k: 0
ideal accel: [ 3.05989666e-10 -3.43520336e-11 -1.06930696e+01]
ideal gyro: [ 0.18277899 -0.02052002 -0.00128749]
accel measurement: [ 1.02881760e-02 -2.55074042e-02 -1.06942636e+01]
gyro measurement: [ 0.17000214 -0.00736807  0.01035334]
thrust: [3.02976817 2.87835395 3.48048964 3.44307173]
EKF predicted state: [ 5.76999444e-02 -4.01999752e-02 -1.96994415e+00  7.69977342e-01
  9.80013053e-01  1.16931222e-03  8.94403180e-01  3.47829507e-04
  1.87748941e-04  4.47261439e-01  1.70280589e-01 -7.65449668e-03
  1.00981105e-02]
k: 1
ideal accel: [ 6.88475567e-10 -7.73027289e-11 -1.06930696e+01]
ideal gyro: [ 0.36555755 -0.04104379 -0.00257498]
accel measurement: [ 7.03501743e-02 -3.97662154e-03 -1.07076150e+01]
gyro measurement: [ 0.35534523 -0.02273731 -0.00493815]
thrust: [3.02976817 2.87835395 3.48048964 3.44307173]
EKF predicted state: [ 6.53990486e-02 -3.03993696e-02 -1.96997661e+00  7.69809552e-01
  9.80139442e-01 -7.66114466e-03  8.94409259e-01  1.55654777e-03
  7.16413660e-04  4.47246175e-01  3.54401975e-01 -2.49789141e-02
  1.57569811e-03]
k: 2
ideal accel: [ 1.07095870e-09 -1.20280019e-10 -1.06930696e+01]
ideal gyro: [ 0.54833529 -0.06157489 -0.00386248]
accel measurement: [  0.17132029  -0.03256618 -10.73369894]
gyro measurement: [ 0.53613764 -0.05235859  0.0130355 ]
thrust: [3.02976817 2.87835395 3.48048964 3.44307173]
EKF predicted state: [ 7.30952241e-02 -2.05963114e-02 -1.97009737e+00  7.69361123e-01
  9.80520327e-01 -1.64901293e-02  8.94376700e-01  3.63624058e-03
  1.53314665e-03  4.47297155e-01  5.36651951e-01 -4.89722351e-02
  5.35060373e-03]
k: 3
ideal accel: [ 1.45343765e-09 -1.63299672e-10 -1.06930696e+01]
ideal gyro: [ 0.73111181 -0.0821169  -0.00514997]
accel measurement: [ -0.05327508   0.0183519  -10.68354955]
gyro measurement: [ 0.73441409 -0.069054   -0.00182178]
thrust: [3.02976817 2.87835395 3.48048964 3.44307173]
EKF predicted state: [ 0.08078471 -0.01078756 -1.9703064   0.76846977  0.98129359 -0.02531419
  0.8943614   0.00661759  0.0026944   0.44728809  0.7267399  -0.0692717
  0.00202401]
k: 4
ideal accel: [ 1.83591135e-09 -2.06377526e-10 -1.06930696e+01]
ideal gyro: [ 0.9138867  -0.1026734  -0.00643747]
accel measurement: [ -0.03752833  -0.05131772 -10.71483797]
gyro measurement: [ 0.93634539 -0.11569854  0.00805457]
thrust: [3.02976817 2.87835395 3.48048964 3.44307173]
EKF predicted state: [ 8.84625575e-02 -9.68138724e-04 -1.97060361e+00  7.67002913e-01
  9.82623637e-01 -3.41264087e-02  8.94311175e-01  1.05550474e-02
  4.13666711e-03  4.47301914e-01  9.22462743e-01 -1.02278407e-01
  3.08565490e-03]
t = 1.00s

true position = [ 0.74164395  0.93615595 -2.01014653]

EKF position = [ 0.74957646  0.96103656 -2.0119879 ]

tracking error = [-0.00056793 -0.02269513  0.00539726]

estimation_error = [-0.00793251 -0.02488061  0.00184137]

thrust = [3.23850562 2.90904841 2.63378448 2.56832727]

------------------------------
t = 2.00s

true position = [ 1.47207038  1.68862636 -2.05253834]

EKF position = [ 1.48430012  1.69187617 -2.05935002]

tracking error = [0.03379376 0.00568439 0.00867038]

estimation_error = [-0.01222975 -0.00324981  0.00681169]

thrust = [2.81945202 2.78123517 3.12704958 2.37640715]

------------------------------
t = 3.00s

true position = [ 2.05807     1.99124232 -2.12948537]

EKF position = [ 2.05566537  1.98520475 -2.13588914]

tracking error = [ 0.01315372 -0.00374766  0.0046702 ]

estimation_error = [0.00240463 0.00603756 0.00640377]

thrust = [2.83089612 2.61542002 2.92838248 2.49005307]

------------------------------
t = 4.00s

true position = [ 2.54497947  1.82485431 -2.23249404]

EKF position = [ 2.53389884  1.80963141 -2.24339243]

tracking error = [ 0.02056652  0.00625946 -0.00264519]

estimation_error = [0.01108064 0.01522291 0.01089838]

thrust = [2.53300848 2.98729816 2.82147309 3.10867969]

------------------------------
t = 5.00s

true position = [ 2.84154177  1.2026994  -2.34298142]

EKF position = [ 2.83756109  1.20757802 -2.35466326]

tracking error = [-0.00541209  0.00575511 -0.0006426 ]

estimation_error = [ 0.00398068 -0.00487863  0.01168184]

thrust = [3.01110651 3.10518173 2.73760447 3.05768114]

------------------------------
t = 6.00s

true position = [ 2.99120776  0.2885751  -2.45272364]

EKF position = [ 3.00491388  0.29793217 -2.45238333]

tracking error = [-0.0012772   0.00633508  0.01190776]

estimation_error = [-0.01370612 -0.00935708 -0.0003403 ]

thrust = [2.9042794  3.40980749 3.10755737 2.76469697]

------------------------------
t = 7.00s

true position = [ 2.97703949 -0.69004859 -2.5944821 ]

EKF position = [ 2.967338   -0.69365455 -2.60408086]

tracking error = [ 0.02508165  0.01151787 -0.00535907]

estimation_error = [0.00970149 0.00360596 0.00959876]

thrust = [2.59872411 2.66103829 3.02207066 2.82036202]

------------------------------
t = 8.00s

true position = [ 2.73168016 -1.5054947  -2.71887255]

EKF position = [ 2.74706834 -1.50609601 -2.70960936]

tracking error = [ 0.00378788  0.00811029 -0.01079913]

estimation_error = [-0.01538818  0.00060131 -0.00926319]

thrust = [3.23651571 2.70773308 2.83931636 2.70014862]

------------------------------
t = 9.00s

true position = [ 2.34238827 -1.95448605 -2.81560245]

EKF position = [ 2.35003663 -1.94445493 -2.81094403]

tracking error = [ 0.00816868  0.00057418 -0.00151564]

estimation_error = [-0.00764836 -0.01003112 -0.00465842]

thrust = [3.31230587 3.26518101 2.90208987 2.81914708]

------------------------------
t = 10.00s

true position = [ 1.78745062 -1.9270243  -2.90548864]

EKF position = [ 1.78987708 -1.92417479 -2.88695544]

tracking error = [-0.00796581 -0.00917575 -0.00491683]

estimation_error = [-0.00242646 -0.00284951 -0.01853319]

thrust = [2.99617334 3.73894706 3.14824227 3.25801241]

------------------------------
t = 11.00s

true position = [ 1.17373315 -1.40184923 -2.97410571]

EKF position = [ 1.16076019 -1.39892481 -2.95187519]

tracking error = [ 0.02875018  0.00923142 -0.01195452]

estimation_error = [ 0.01297296 -0.00292441 -0.02223053]

thrust = [2.81096108 3.18438837 2.90666345 2.76649324]

------------------------------
t = 12.00s

true position = [ 0.43035114 -0.56183829 -2.99556418]

EKF position = [ 0.43804406 -0.55260958 -2.98843582]

tracking error = [ 0.00699111 -0.00300729 -0.00056793]

estimation_error = [-0.00769292 -0.00922871 -0.00712836]

thrust = [2.54646917 2.55720268 2.52600807 2.75502526]

------------------------------
t = 13.00s

true position = [-0.31896036  0.44000055 -3.00533616]

EKF position = [-0.31226043  0.44370662 -2.99563458]

tracking error = [ 0.00562504  0.00976057 -0.00827132]

estimation_error = [-0.00669993 -0.00370607 -0.00970159]

thrust = [3.25096906 3.07747759 2.84854127 2.9876712 ]

------------------------------
t = 14.00s

true position = [-1.0419858   1.30696149 -2.95836211]

EKF position = [-1.03300643  1.30428473 -2.9671503 ]

tracking error = [ 0.01036388 -0.00701171  0.00986624]

estimation_error = [-0.00897937  0.00267676  0.0087882 ]

thrust = [3.14728804 3.33026286 3.16417268 3.2902965 ]

------------------------------
t = 15.00s

true position = [-1.71626926  1.89711393 -2.91826603]

EKF position = [-1.71037504  1.86969105 -2.92576329]

tracking error = [-0.0015853   0.02111398 -0.00798635]

estimation_error = [-0.00589421  0.02742289  0.00749727]

thrust = [2.75883882 2.8272331  2.57228065 3.14338356]

------------------------------
t = 16.00s

true position = [-2.275024    1.95363247 -2.82598641]

EKF position = [-2.2651997   1.92121789 -2.82570467]

tracking error = [-0.00461651 -0.02508402  0.0008354 ]

estimation_error = [-0.0098243   0.03241459 -0.00028174]

thrust = [2.76215634 2.90451835 2.85931605 2.76382758]

------------------------------
t = 17.00s

true position = [-2.68275811  1.59293898 -2.7166206 ]

EKF position = [-2.69428581  1.59391878 -2.70632438]

tracking error = [ 0.00220996 -0.00403525  0.00642315]

estimation_error = [ 0.0115277  -0.0009798  -0.01029622]

thrust = [3.18557015 2.63493643 2.72760718 2.70465926]

------------------------------
t = 18.00s

true position = [-2.94451443  0.8244409  -2.60010752]

EKF position = [-2.94632826  0.8261161  -2.59499749]

tracking error = [-0.01192408  0.00020393  0.00529038]

estimation_error = [ 0.00181383 -0.0016752  -0.00511003]

thrust = [3.03470559 2.89995752 3.13244421 3.09643479]

------------------------------
t = 19.00s

true position = [-2.99376281 -0.15491853 -2.48956069]

EKF position = [-3.00183701 -0.15699032 -2.48133156]

tracking error = [ 0.00411556 -0.00461629 -0.00836177]

estimation_error = [ 0.0080742   0.00207179 -0.00822913]

thrust = [2.76627051 3.006607   3.15353982 2.70430541]

------------------------------
t = 20.00s

true position = [-2.91346633 -1.07922016 -2.34751731]

EKF position = [-2.91775342 -1.07644688 -2.34865351]

tracking error = [-0.03669351  0.00882207  0.0106516 ]

estimation_error = [ 0.00428709 -0.00277328  0.0011362 ]

thrust = [3.37077761 3.36753594 3.06150181 3.11342528]

------------------------------
t = 21.00s

true position = [-2.58066261 -1.77302992 -2.23165075]

EKF position = [-2.57948593 -1.77827786 -2.2540977 ]

tracking error = [-0.00385913 -0.0136384   0.01230651]

estimation_error = [-0.00117668  0.00524794  0.02244695]

thrust = [2.83211898 3.28968861 2.92144221 3.35469422]

------------------------------
t = 22.00s

true position = [-2.10304551 -2.03684461 -2.15890432]

EKF position = [-2.12217774 -2.0450674  -2.1421732 ]

tracking error = [ 0.01357547 -0.0368642  -0.0132392 ]

estimation_error = [ 0.01913223  0.00822279 -0.01673112]

thrust = [3.13875495 2.92581191 3.05302279 2.74762474]

------------------------------
t = 23.00s

true position = [-1.54096857 -1.77098154 -2.05201008]

EKF position = [-1.5409605  -1.76947299 -2.04581827]

tracking error = [-0.01613134 -0.02007719  0.01739371]

estimation_error = [-8.06721084e-06 -1.50855245e-03 -6.19180610e-03]

thrust = [3.00905958 3.07723737 3.55302531 2.89298843]

------------------------------
t = 24.00s

true position = [-0.85215709 -1.05421254 -2.02758481]

EKF position = [-0.84734432 -1.06363754 -2.03300604]

tracking error = [-0.01391059  0.01893329 -0.00766996]

estimation_error = [-0.00481277  0.009425    0.00542123]

thrust = [2.92160232 2.80081943 2.70967955 2.6707391 ]

------------------------------
t = 25.00s

true position = [-0.09832484 -0.1424526  -1.99115153]

EKF position = [-0.09720242 -0.13944653 -1.99642054]

tracking error = [ 0.00121281 -0.00980881  0.00912376]

estimation_error = [-0.00112242 -0.00300607  0.00526901]

thrust = [2.74436018 2.60958397 3.25370959 3.24485034]

------------------------------
t = 26.00s

true position = [ 0.65101514  0.85639126 -2.01778087]

EKF position = [ 0.63673945  0.85348237 -2.01200934]

tracking error = [ 0.00565518  0.01605719 -0.00607468]

estimation_error = [ 0.01427569  0.00290889 -0.00577153]

thrust = [2.77598161 3.00377183 3.17022153 2.83904334]

------------------------------
t = 27.00s

true position = [ 1.33250775  1.6249722  -2.05957373]

EKF position = [ 1.32179683  1.6255816  -2.06743922]

tracking error = [-0.01762447  0.01740335 -0.00607691]

estimation_error = [ 0.01071093 -0.0006094   0.00786549]

thrust = [2.73394739 2.56867463 2.81229728 2.53202763]

------------------------------
t = 28.00s

true position = [ 1.97502287  1.97742713 -2.12262555]

EKF position = [ 1.97809823  1.96780187 -2.12681401]

tracking error = [ 0.00406308 -0.00378759  0.00042332]

estimation_error = [-0.00307536  0.00962525  0.00418845]

thrust = [3.0222241  2.7994545  3.37137094 2.86729553]

------------------------------
t = 29.00s

true position = [ 2.48635536  1.88131495 -2.22262875]

EKF position = [ 2.49793345  1.88725273 -2.20843187]

tracking error = [ 0.01711273  0.01152484 -0.00659084]

estimation_error = [-0.01157809 -0.00593778 -0.01419688]

thrust = [2.90199834 3.04109069 2.61367331 3.17382454]

------------------------------
t = 30.00s

true position = [ 2.79902627  1.29586324 -2.32886504]

EKF position = [ 2.78958475  1.29043462 -2.33822164]

tracking error = [-0.01497366 -0.00471244 -0.0021827 ]

estimation_error = [0.00944151 0.00542862 0.0093566 ]

thrust = [2.90594871 2.94399362 2.59753352 2.95713303]

------------------------------
t = 31.00s

true position = [ 2.97446169  0.40397789 -2.44779716]

EKF position = [ 2.96211295  0.40196867 -2.4295535 ]

tracking error = [-0.00933465 -0.00895707  0.00030566]

estimation_error = [ 0.01234874  0.00200922 -0.01824366]

thrust = [2.80589923 2.81875195 3.04785408 3.1426511 ]

------------------------------
t = 32.00s

true position = [ 2.9532058  -0.59057281 -2.54464011]

EKF position = [ 2.96475752 -0.59127888 -2.55931202]

tracking error = [-0.01486894 -0.01476618  0.02810991]

estimation_error = [-0.01155172  0.00070607  0.01467191]

thrust = [3.10428474 3.05027823 2.91201042 2.8730773 ]

------------------------------
t = 33.00s

true position = [ 2.75518177 -1.44569392 -2.68937534]

EKF position = [ 2.76161631 -1.4472105  -2.7027644 ]

tracking error = [-0.01263086 -0.02212323  0.00349863]

estimation_error = [-0.00643455  0.00151658  0.01338905]

thrust = [2.81096831 2.60954484 2.9977507  2.53641336]

------------------------------
t = 34.00s

true position = [ 2.39441413 -1.91082151 -2.80107374]

EKF position = [ 2.39796163 -1.91379898 -2.80246114]

tracking error = [-1.04720982e-03  1.19734756e-02 -6.77897513e-05]

estimation_error = [-0.0035475   0.00297747  0.0013874 ]

thrust = [3.15988093 2.77058936 2.99763131 2.92869284]

------------------------------
t = 35.00s

true position = [ 1.86851437 -1.99362266 -2.8777061 ]

EKF position = [ 1.85907252 -1.97560962 -2.89259554]

tracking error = [-0.00565749 -0.04237065  0.01271675]

estimation_error = [ 0.00944185 -0.01801304  0.01488944]

thrust = [2.98821797 3.2070702  2.84486585 3.51033471]

------------------------------
t = 36.00s

true position = [ 1.21879926 -1.49036403 -2.94695099]

EKF position = [ 1.23182178 -1.49654822 -2.94420849]

tracking error = [-0.01755619  0.01161046  0.00861414]

estimation_error = [-0.01302252  0.00618419 -0.00274249]

thrust = [3.05565651 3.58294035 2.98693043 2.70955792]

------------------------------
t = 37.00s

true position = [ 0.54227627 -0.69074538 -2.9809151 ]

EKF position = [ 0.53228809 -0.68513316 -2.98020065]

tracking error = [ 0.02060782 -0.00578415  0.01146748]

estimation_error = [ 0.00998818 -0.00561223 -0.00071445]

thrust = [3.18581538 2.91643287 2.89230793 3.26138889]

------------------------------
t = 38.00s

true position = [-0.23477504  0.29207618 -3.00345956]

EKF position = [-0.24633959  0.29558778 -3.02095448]

tracking error = [-0.00932168 -0.00767824 -0.00487348]

estimation_error = [ 0.01156455 -0.0035116   0.01749492]

thrust = [2.86641791 2.84070223 2.7448166  2.94229777]

------------------------------
t = 39.00s

true position = [-0.95327783  1.18874459 -2.97705434]

EKF position = [-0.93839044  1.19370209 -2.97832546]

tracking error = [ 0.00527975 -0.02233515 -0.00326443]

estimation_error = [-0.01488739 -0.0049575   0.00127112]

thrust = [2.89960165 2.84745399 2.68260134 3.02137109]

------------------------------
t = 40.00s

true position = [-1.62604117  1.83123835 -2.92395842]

EKF position = [-1.63283777  1.83755628 -2.92970867]

tracking error = [ 0.00602216  0.00534785 -0.00442266]

estimation_error = [ 0.0067966  -0.00631793  0.00575025]

thrust = [2.54561566 2.87725018 2.57034965 2.89598017]

------------------------------
t = 41.00s

true position = [-2.20632186  1.97954667 -2.82967538]

EKF position = [-2.22290839  1.98680649 -2.82274248]

tracking error = [-0.00222656 -0.01411292  0.00952154]

estimation_error = [ 0.01658653 -0.00725982 -0.0069329 ]

thrust = [3.15752675 2.96622783 2.71845769 3.15638102]

------------------------------
t = 42.00s

true position = [-2.64919299  1.67088968 -2.74699892]

EKF position = [-2.65073981  1.66686628 -2.74974944]

tracking error = [-0.01010571 -0.0024216  -0.00923046]

estimation_error = [0.00154683 0.0040234  0.00275052]

thrust = [2.82166559 2.42009918 2.95578567 2.47335609]

------------------------------
t = 43.00s

true position = [-2.92881821  0.94049009 -2.62079539]

EKF position = [-2.91878305  0.93775101 -2.60939364]

tracking error = [-0.01882461 -0.00278791  0.00076132]

estimation_error = [-0.01003516  0.00273908 -0.01140175]

thrust = [3.1498573  2.96814677 3.00187281 3.00665313]

------------------------------
t = 44.00s

true position = [-2.99611499 -0.03180247 -2.50701603]

EKF position = [-3.00814753 -0.02284272 -2.50461791]

tracking error = [ 0.00385563 -0.01409985 -0.00922888]

estimation_error = [ 0.01203254 -0.00895975 -0.00239812]

thrust = [2.75125752 2.63932485 2.70666728 2.81633684]

------------------------------
t = 45.00s

true position = [-2.92778691 -0.98736176 -2.37707512]

EKF position = [-2.91844508 -0.98749176 -2.37172733]

tracking error = [-0.02436292 -0.01301274 -0.00291995]

estimation_error = [-0.00934183  0.00013    -0.00534779]

thrust = [2.64758867 2.79697324 2.60618346 2.72707964]

------------------------------
t = 46.00s

true position = [-2.62107588 -1.69628184 -2.26068501]

EKF position = [-2.61152386 -1.71202016 -2.2734531 ]

tracking error = [ 0.00528065 -0.00384103 -0.00233739]

estimation_error = [-0.00955202  0.01573832  0.01276809]

thrust = [2.65540634 3.03033031 2.41186911 2.88104654]

------------------------------
t = 47.00s

true position = [-2.19305546 -2.00085878 -2.16635734]

EKF position = [-2.18655046 -1.98857565 -2.14171184]

tracking error = [-0.00706053 -0.00469473 -0.0087925 ]

estimation_error = [-0.006505   -0.01228314 -0.02464549]

thrust = [3.00696814 2.9055881  2.89038217 2.82287602]

------------------------------
t = 48.00s

true position = [-1.61479014 -1.81323634 -2.08194622]

EKF position = [-1.62006728 -1.81370016 -2.08006953]

tracking error = [-0.00507139 -0.00207962 -0.0038732 ]

estimation_error = [ 0.00527714  0.00046382 -0.00187668]

thrust = [3.47236632 3.18917295 3.05545418 2.68225501]

------------------------------
t = 49.00s

true position = [-0.91920067 -1.19651449 -2.02192043]

EKF position = [-0.9076583  -1.18137493 -2.0333765 ]

tracking error = [ 0.01415739 -0.01379943  0.00289415]

estimation_error = [-0.01154237 -0.01513956  0.01145607]

thrust = [3.01460022 2.86333312 3.00785987 2.93690772]

------------------------------
t = 50.00s

true position = [-0.19847496 -0.2532335  -1.99175837]

EKF position = [-0.21037321 -0.25299766 -1.99710201]

tracking error = [0.00049074 0.01147001 0.00934249]

estimation_error = [ 0.01189825 -0.00023584  0.00534364]

thrust = [2.85775238 2.81592145 3.03903385 2.95922333]

------------------------------
t = 51.00s

true position = [ 0.5595759   0.72031033 -2.00731611]

EKF position = [ 0.53689814  0.70819139 -2.01523092]

tracking error = [0.0117785  0.00219362 0.00109016]

estimation_error = [0.02267776 0.01211894 0.0079148 ]

thrust = [2.98538125 2.75265243 2.73996304 2.87914609]

------------------------------
t = 52.00s

true position = [ 1.29026919  1.53008446 -2.04460847]

EKF position = [ 1.29384461  1.53730446 -2.03597031]

tracking error = [0.02976808 0.00496756 0.00166813]

estimation_error = [-0.00357541 -0.00722    -0.00863817]

thrust = [3.2494704  2.80060229 3.1377521  3.02823273]

------------------------------
t = 53.00s

true position = [ 1.89271156  1.95467456 -2.10732846]

EKF position = [ 1.89004657  1.96356305 -2.11444215]

tracking error = [-0.00212141 -0.00404072  0.00502881]

estimation_error = [ 0.00266499 -0.00888848  0.00711369]

thrust = [3.21593564 2.66306465 3.31842741 3.10423819]

------------------------------
t = 54.00s

true position = [ 2.41267437  1.9097406  -2.20865214]

EKF position = [ 2.41078575  1.91832389 -2.21290533]

tracking error = [ 0.00132109 -0.00301126 -0.00611247]

estimation_error = [ 0.00188862 -0.00858329  0.00425318]

thrust = [2.34231277 2.67209763 2.7308064  3.00671928]

------------------------------
t = 55.00s

true position = [ 2.77529889  1.39585697 -2.29985646]

EKF position = [ 2.7875705   1.40141122 -2.31079721]

tracking error = [-0.00264844 -0.0026231   0.01136025]

estimation_error = [-0.01227161 -0.00555425  0.01094075]

thrust = [2.83763255 3.13500021 2.78757891 2.97457015]

------------------------------
t = 56.00s

true position = [ 2.95536057  0.54432207 -2.42137785]

EKF position = [ 2.94738884  0.55022527 -2.41722595]

tracking error = [-0.0164615   0.00251049  0.01025354]

estimation_error = [ 0.00797172 -0.0059032  -0.00415189]

thrust = [2.98528332 2.89921972 2.8428842  2.90037006]

------------------------------
t = 57.00s

true position = [ 2.98231589 -0.46817719 -2.56170519]

EKF position = [ 2.98513337 -0.46810356 -2.55128136]

tracking error = [ 0.00139259 -0.02066591 -0.00540829]

estimation_error = [-2.81747122e-03 -7.36263068e-05 -1.04238263e-02]

thrust = [2.9889732  2.59746584 2.76872692 2.94133384]

------------------------------
t = 58.00s

true position = [ 2.80829595 -1.34020486 -2.67495183]

EKF position = [ 2.80548765 -1.32002246 -2.67177782]

tracking error = [ 0.00361078 -0.01293709  0.0025103 ]

estimation_error = [ 0.0028083  -0.02018239 -0.00317401]

thrust = [3.0448463  3.00140641 3.07332913 2.77466441]

------------------------------
t = 59.00s

true position = [ 2.43959356 -1.878464   -2.79556139]

EKF position = [ 2.44244835 -1.87306516 -2.78527453]

tracking error = [-0.01447173  0.00359881 -0.00796776]

estimation_error = [-0.00285479 -0.00539884 -0.01028686]

thrust = [2.97067257 2.97961896 3.04067348 2.39600011]

------------------------------
t = 60.00s

true position = [ 1.93928944 -1.98025074 -2.88518969]

EKF position = [ 1.94296688 -1.98497377 -2.86995384]

tracking error = [-0.01157408 -0.0041875  -0.00534574]

estimation_error = [-0.00367745  0.00472302 -0.01523585]

thrust = [2.71523181 3.41978768 2.77141541 3.02492445]

------------------------------


mujoco simulation results

position tracking rmse(m): [0.0136989  0.01345492 0.00892211]

ekf position estimation rmse(m): [0.01035888 0.01083914 0.01071967]

nmpc solver success rate: 1.0

avg nmpc solve time(s): 0.08943164568947037

max nmpc solve time(s): 0.8212251180011663

min rotor thrust(N): 1.5587421882025614

max rotor thrust(N): 4.592325659096391

saved MuJoCo replay data to fig/mujoco_replay.json

p: prediction RMSE=0.00853, gyro RMSE=0.01501, updated RMSE=0.00853
p: coverage=98.52%, RMSE=0.00853, avg sigma=0.01040, RMSE/sigma=0.82
ideal gyro RMSE vs true rate: [5.42966510e-16 5.10338758e-16 8.56479803e-16]
q: prediction RMSE=0.00857, gyro RMSE=0.01517, updated RMSE=0.00858
q: coverage=98.41%, RMSE=0.00858, avg sigma=0.01040, RMSE/sigma=0.83
ideal gyro RMSE vs true rate: [5.42966510e-16 5.10338758e-16 8.56479803e-16]
r: prediction RMSE=0.00677, gyro RMSE=0.01520, updated RMSE=0.00677
r: coverage=98.57%, RMSE=0.00677, avg sigma=0.00828, RMSE/sigma=0.82
ideal gyro RMSE vs true rate: [5.42966510e-16 5.10338758e-16 8.56479803e-16]