(.venv) yjx@yjx:~/mujoco_ws/project1$ python3 main_mujoco_acados.py 
field AcadosOcpDims.N has been migrated to AcadosOcpOptions.N_horizon. setting AcadosOcpOptions.N_horizon = N. For future comppatibility, please use AcadosOcpOptions.N_horizon directly.
/home/yjx/acados/interfaces/acados_template/acados_template/acados_code_gen_options.py:384: UserWarning: A path is provided for json_file. This is not supported. The json file will be written to the code_export_directory /home/yjx/mujoco_ws/project1/acados_codegen_quadrotor instead.
  warnings.warn(f"A path is provided for json_file. This is not supported. The json file will be written to the code_export_directory {self.code_export_directory} instead.")
External functions generated in 41.888 ms.
Templated solver code generated in 1151.222 ms.
rm -f libacados_ocp_solver_ocp_quadrotor_acados_b2450aef.so
rm -f quadrotor_acados_constraints/quadrotor_acados_constr_h_fun_jac_uxt_zt.o quadrotor_acados_constraints/quadrotor_acados_constr_h_fun_jac_uxt_zt_hess.o quadrotor_acados_constraints/quadrotor_acados_constr_h_fun.o quadrotor_acados_cost/quadrotor_acados_cost_ext_cost_0_fun.o quadrotor_acados_cost/quadrotor_acados_cost_ext_cost_0_fun_jac_hess.o quadrotor_acados_cost/quadrotor_acados_cost_ext_cost_0_fun_jac.o quadrotor_acados_cost/quadrotor_acados_cost_ext_cost_fun.o quadrotor_acados_cost/quadrotor_acados_cost_ext_cost_fun_jac_hess.o quadrotor_acados_cost/quadrotor_acados_cost_ext_cost_fun_jac.o quadrotor_acados_cost/quadrotor_acados_cost_ext_cost_e_fun.o quadrotor_acados_cost/quadrotor_acados_cost_ext_cost_e_fun_jac_hess.o quadrotor_acados_cost/quadrotor_acados_cost_ext_cost_e_fun_jac.o acados_solver_ocp_quadrotor_acados_b2450aef.o
cc -fPIC -std=c99   -O2 -I/home/yjx/acados/include -I/home/yjx/acados/include/acados -I/home/yjx/acados/include/blasfeo/include -I/home/yjx/acados/include/hpipm/include  -c -o quadrotor_acados_constraints/quadrotor_acados_constr_h_fun_jac_uxt_zt.o quadrotor_acados_constraints/quadrotor_acados_constr_h_fun_jac_uxt_zt.c
cc -fPIC -std=c99   -O2 -I/home/yjx/acados/include -I/home/yjx/acados/include/acados -I/home/yjx/acados/include/blasfeo/include -I/home/yjx/acados/include/hpipm/include  -c -o quadrotor_acados_constraints/quadrotor_acados_constr_h_fun_jac_uxt_zt_hess.o quadrotor_acados_constraints/quadrotor_acados_constr_h_fun_jac_uxt_zt_hess.c
cc -fPIC -std=c99   -O2 -I/home/yjx/acados/include -I/home/yjx/acados/include/acados -I/home/yjx/acados/include/blasfeo/include -I/home/yjx/acados/include/hpipm/include  -c -o quadrotor_acados_constraints/quadrotor_acados_constr_h_fun.o quadrotor_acados_constraints/quadrotor_acados_constr_h_fun.c
cc -fPIC -std=c99   -O2 -I/home/yjx/acados/include -I/home/yjx/acados/include/acados -I/home/yjx/acados/include/blasfeo/include -I/home/yjx/acados/include/hpipm/include  -c -o quadrotor_acados_cost/quadrotor_acados_cost_ext_cost_0_fun.o quadrotor_acados_cost/quadrotor_acados_cost_ext_cost_0_fun.c
cc -fPIC -std=c99   -O2 -I/home/yjx/acados/include -I/home/yjx/acados/include/acados -I/home/yjx/acados/include/blasfeo/include -I/home/yjx/acados/include/hpipm/include  -c -o quadrotor_acados_cost/quadrotor_acados_cost_ext_cost_0_fun_jac_hess.o quadrotor_acados_cost/quadrotor_acados_cost_ext_cost_0_fun_jac_hess.c
cc -fPIC -std=c99   -O2 -I/home/yjx/acados/include -I/home/yjx/acados/include/acados -I/home/yjx/acados/include/blasfeo/include -I/home/yjx/acados/include/hpipm/include  -c -o quadrotor_acados_cost/quadrotor_acados_cost_ext_cost_0_fun_jac.o quadrotor_acados_cost/quadrotor_acados_cost_ext_cost_0_fun_jac.c
cc -fPIC -std=c99   -O2 -I/home/yjx/acados/include -I/home/yjx/acados/include/acados -I/home/yjx/acados/include/blasfeo/include -I/home/yjx/acados/include/hpipm/include  -c -o quadrotor_acados_cost/quadrotor_acados_cost_ext_cost_fun.o quadrotor_acados_cost/quadrotor_acados_cost_ext_cost_fun.c
cc -fPIC -std=c99   -O2 -I/home/yjx/acados/include -I/home/yjx/acados/include/acados -I/home/yjx/acados/include/blasfeo/include -I/home/yjx/acados/include/hpipm/include  -c -o quadrotor_acados_cost/quadrotor_acados_cost_ext_cost_fun_jac_hess.o quadrotor_acados_cost/quadrotor_acados_cost_ext_cost_fun_jac_hess.c
cc -fPIC -std=c99   -O2 -I/home/yjx/acados/include -I/home/yjx/acados/include/acados -I/home/yjx/acados/include/blasfeo/include -I/home/yjx/acados/include/hpipm/include  -c -o quadrotor_acados_cost/quadrotor_acados_cost_ext_cost_fun_jac.o quadrotor_acados_cost/quadrotor_acados_cost_ext_cost_fun_jac.c
cc -fPIC -std=c99   -O2 -I/home/yjx/acados/include -I/home/yjx/acados/include/acados -I/home/yjx/acados/include/blasfeo/include -I/home/yjx/acados/include/hpipm/include  -c -o quadrotor_acados_cost/quadrotor_acados_cost_ext_cost_e_fun.o quadrotor_acados_cost/quadrotor_acados_cost_ext_cost_e_fun.c
cc -fPIC -std=c99   -O2 -I/home/yjx/acados/include -I/home/yjx/acados/include/acados -I/home/yjx/acados/include/blasfeo/include -I/home/yjx/acados/include/hpipm/include  -c -o quadrotor_acados_cost/quadrotor_acados_cost_ext_cost_e_fun_jac_hess.o quadrotor_acados_cost/quadrotor_acados_cost_ext_cost_e_fun_jac_hess.c
cc -fPIC -std=c99   -O2 -I/home/yjx/acados/include -I/home/yjx/acados/include/acados -I/home/yjx/acados/include/blasfeo/include -I/home/yjx/acados/include/hpipm/include  -c -o quadrotor_acados_cost/quadrotor_acados_cost_ext_cost_e_fun_jac.o quadrotor_acados_cost/quadrotor_acados_cost_ext_cost_e_fun_jac.c
cc -fPIC -std=c99   -O2 -I/home/yjx/acados/include -I/home/yjx/acados/include/acados -I/home/yjx/acados/include/blasfeo/include -I/home/yjx/acados/include/hpipm/include  -c -o acados_solver_ocp_quadrotor_acados_b2450aef.o acados_solver_ocp_quadrotor_acados_b2450aef.c
cc -fPIC -std=c99   -O2 -I/home/yjx/acados/include -I/home/yjx/acados/include/acados -I/home/yjx/acados/include/blasfeo/include -I/home/yjx/acados/include/hpipm/include  -c -o quadrotor_acados_model/quadrotor_acados_expl_ode_fun.o quadrotor_acados_model/quadrotor_acados_expl_ode_fun.c
cc -fPIC -std=c99   -O2 -I/home/yjx/acados/include -I/home/yjx/acados/include/acados -I/home/yjx/acados/include/blasfeo/include -I/home/yjx/acados/include/hpipm/include  -c -o quadrotor_acados_model/quadrotor_acados_expl_vde_forw.o quadrotor_acados_model/quadrotor_acados_expl_vde_forw.c
cc -fPIC -std=c99   -O2 -I/home/yjx/acados/include -I/home/yjx/acados/include/acados -I/home/yjx/acados/include/blasfeo/include -I/home/yjx/acados/include/hpipm/include  -c -o quadrotor_acados_model/quadrotor_acados_expl_vde_adj.o quadrotor_acados_model/quadrotor_acados_expl_vde_adj.c
cc -fPIC -std=c99   -O2 -I/home/yjx/acados/include -I/home/yjx/acados/include/acados -I/home/yjx/acados/include/blasfeo/include -I/home/yjx/acados/include/hpipm/include  -c -o quadrotor_acados_model/quadrotor_acados_expl_ode_hess.o quadrotor_acados_model/quadrotor_acados_expl_ode_hess.c
cc -shared quadrotor_acados_constraints/quadrotor_acados_constr_h_fun_jac_uxt_zt.o quadrotor_acados_constraints/quadrotor_acados_constr_h_fun_jac_uxt_zt_hess.o quadrotor_acados_constraints/quadrotor_acados_constr_h_fun.o quadrotor_acados_cost/quadrotor_acados_cost_ext_cost_0_fun.o quadrotor_acados_cost/quadrotor_acados_cost_ext_cost_0_fun_jac_hess.o quadrotor_acados_cost/quadrotor_acados_cost_ext_cost_0_fun_jac.o quadrotor_acados_cost/quadrotor_acados_cost_ext_cost_fun.o quadrotor_acados_cost/quadrotor_acados_cost_ext_cost_fun_jac_hess.o quadrotor_acados_cost/quadrotor_acados_cost_ext_cost_fun_jac.o quadrotor_acados_cost/quadrotor_acados_cost_ext_cost_e_fun.o quadrotor_acados_cost/quadrotor_acados_cost_ext_cost_e_fun_jac_hess.o quadrotor_acados_cost/quadrotor_acados_cost_ext_cost_e_fun_jac.o acados_solver_ocp_quadrotor_acados_b2450aef.o quadrotor_acados_model/quadrotor_acados_expl_ode_fun.o quadrotor_acados_model/quadrotor_acados_expl_vde_forw.o quadrotor_acados_model/quadrotor_acados_expl_vde_adj.o quadrotor_acados_model/quadrotor_acados_expl_ode_hess.o -o libacados_ocp_solver_ocp_quadrotor_acados_b2450aef.so -L/home/yjx/acados/lib -lacados -lhpipm -lblasfeo -lm \
-L -l
Build completed in 1691.051 ms.
acados was compiled without OpenMP.
initial acados thrust = [3.05306203 2.89860051 3.52384325 3.49294166]
initial acados solve time = 0.001245s
t = 1.00s, acados thrust = [3.23206781 2.88992372 2.60651699 2.5514004 ]
t = 2.00s, acados thrust = [2.8118106  2.78636755 3.13094974 2.36496335]
t = 3.00s, acados thrust = [2.82160737 2.61149007 2.92415265 2.48223069]
t = 4.00s, acados thrust = [2.52790461 2.98487285 2.82745973 3.11297955]
t = 5.00s, acados thrust = [3.01859207 3.10758081 2.73382873 3.05895379]
t = 6.00s, acados thrust = [2.90537466 3.425408   3.11489342 2.75853755]
t = 7.00s, acados thrust = [2.59001012 2.65575954 3.0283231  2.82273828]
t = 8.00s, acados thrust = [3.24267357 2.70618777 2.82801029 2.6971432 ]
t = 9.00s, acados thrust = [3.32552383 3.28464011 2.90077163 2.81721095]
t = 10.00s, acados thrust = [3.00592098 3.756859   3.16140186 3.26311865]
t = 11.00s, acados thrust = [2.79933545 3.17808978 2.89772989 2.74899634]
t = 12.00s, acados thrust = [2.53768958 2.54526009 2.51842504 2.75213302]
t = 13.00s, acados thrust = [3.25563845 3.08048978 2.84166476 2.98455457]
t = 14.00s, acados thrust = [3.15266355 3.33713238 3.17160041 3.2963475 ]
t = 15.00s, acados thrust = [2.76442145 2.82436778 2.57298252 3.15241169]
t = 16.00s, acados thrust = [2.75695068 2.90703979 2.85998939 2.76228665]
t = 17.00s, acados thrust = [3.18787775 2.63155148 2.71259317 2.70005554]
t = 18.00s, acados thrust = [3.03715364 2.90138972 3.13616747 3.10387255]
t = 19.00s, acados thrust = [2.76967991 3.02080342 3.16898447 2.70564328]
t = 20.00s, acados thrust = [3.37482282 3.36899421 3.05161855 3.10850893]
t = 21.00s, acados thrust = [2.83190576 3.29020927 2.92494595 3.35824764]
t = 22.00s, acados thrust = [3.13918981 2.92788402 3.05280754 2.7447056 ]
t = 23.00s, acados thrust = [3.00962039 3.08916298 3.57225723 2.90039549]
t = 24.00s, acados thrust = [2.92517269 2.80347077 2.70680937 2.66717671]
t = 25.00s, acados thrust = [2.75024387 2.61434614 3.27765792 3.27484113]
t = 26.00s, acados thrust = [2.76874626 3.00799435 3.17859073 2.83744443]
t = 27.00s, acados thrust = [2.72515261 2.56240101 2.80474643 2.52233054]
t = 28.00s, acados thrust = [3.01797991 2.80311662 3.38153379 2.87181091]
t = 29.00s, acados thrust = [2.90715853 3.03858953 2.60915293 3.17708687]
t = 30.00s, acados thrust = [2.90701004 2.94216272 2.58601145 2.95397288]
t = 31.00s, acados thrust = [2.80494376 2.81741324 3.053471   3.15142159]
t = 32.00s, acados thrust = [3.10581551 3.05212615 2.90864793 2.86904977]
t = 33.00s, acados thrust = [2.80439787 2.60581659 2.99399321 2.52850346]
t = 34.00s, acados thrust = [3.16426304 2.7712788  2.99738633 2.93201013]
t = 35.00s, acados thrust = [2.99365292 3.20382989 2.84554195 3.51861155]
t = 36.00s, acados thrust = [3.07706303 3.61067151 3.00434841 2.70960362]
t = 37.00s, acados thrust = [3.19235942 2.91251428 2.88813906 3.27023447]
t = 38.00s, acados thrust = [2.85987646 2.83153219 2.73008813 2.93067399]
t = 39.00s, acados thrust = [2.90444033 2.84655822 2.67963019 3.02615073]
t = 40.00s, acados thrust = [2.53996628 2.87275339 2.56546961 2.89031986]
t = 41.00s, acados thrust = [3.16726815 2.96578764 2.71372195 3.16024427]
t = 42.00s, acados thrust = [2.81135789 2.4111654  2.95208599 2.4668906 ]
t = 43.00s, acados thrust = [3.15148765 2.96825266 3.0003071  3.00714739]
t = 44.00s, acados thrust = [2.74721775 2.63197223 2.70096053 2.81507737]
t = 45.00s, acados thrust = [2.63986812 2.78669458 2.59729765 2.72018813]
t = 46.00s, acados thrust = [2.65412964 3.0243228  2.39929417 2.86976228]
t = 47.00s, acados thrust = [3.00744971 2.90366146 2.88667388 2.81938622]
t = 48.00s, acados thrust = [3.49302044 3.20546397 3.06010981 2.68430276]
t = 49.00s, acados thrust = [3.01350357 2.85989998 3.00721493 2.93865134]
t = 50.00s, acados thrust = [2.84900122 2.80953516 3.03756289 2.9563901 ]
t = 51.00s, acados thrust = [2.98970285 2.7512968  2.73642474 2.88157728]
t = 52.00s, acados thrust = [3.2520179  2.79719578 3.1341173  3.03468701]
t = 53.00s, acados thrust = [3.20749945 2.65168826 3.31673677 3.10354065]
t = 54.00s, acados thrust = [2.33056035 2.66191535 2.73477215 3.00827864]
t = 55.00s, acados thrust = [2.8401405  3.13794073 2.7863285  2.97229708]
t = 56.00s, acados thrust = [2.98029411 2.88993683 2.8314813  2.89370011]
t = 57.00s, acados thrust = [2.99215427 2.59074815 2.76581343 2.94599798]
t = 58.00s, acados thrust = [3.04776309 3.00703902 3.07644602 2.77527427]
t = 59.00s, acados thrust = [2.96876846 2.99069378 3.04420783 2.38547696]
t = 60.00s, acados thrust = [2.71527056 3.42839816 2.77400949 3.01911986]

acados mujoco simulation results
position tracking rmse(m): [0.01362614 0.01343756 0.00889855]
ekf position estimation rmse(m): [0.01035931 0.01083945 0.01071965]
acados nmpc solver success rate: 1.0
avg acados nmpc solve time(s): 0.0009503156153242903
max acados nmpc solve time(s): 0.01535275299966088
min rotor thrust(N): 1.6167747371095231
max rotor thrust(N): 4.6268725034831775
EKF 2-sigma coverage:
x: coverage=98.13%, RMSE=0.010359, avg sigma=0.012423, RMSE/sigma=0.834
y: coverage=97.35%, RMSE=0.010839, avg sigma=0.012409, RMSE/sigma=0.874
z: coverage=97.72%, RMSE=0.010720, avg sigma=0.011879, RMSE/sigma=0.902
vx: coverage=100.00%, RMSE=0.034157, avg sigma=0.063523, RMSE/sigma=0.538
vy: coverage=99.90%, RMSE=0.033179, avg sigma=0.063350, RMSE/sigma=0.524
vz: coverage=100.00%, RMSE=0.028504, avg sigma=0.056921, RMSE/sigma=0.501
p: coverage=98.47%, RMSE=0.008563, avg sigma=0.010399, RMSE/sigma=0.823
q: coverage=98.45%, RMSE=0.008570, avg sigma=0.010399, RMSE/sigma=0.824
r: coverage=98.62%, RMSE=0.006781, avg sigma=0.008279, RMSE/sigma=0.819
saved acados replay data to fig_acados/mujoco_replay_acados.json
saved acados figures to fig_acados